
  .   ____          _            __ _ _
 /\\ / ___'_ __ _ _(_)_ __  __ _ \ \ \ \
( ( )\___ | '_ | '_| | '_ \/ _` | \ \ \ \
 \\/  ___)| |_)| | | | | || (_| |  ) ) ) )
  '  |____| .__|_| |_|_| |_\__, | / / / /
 =========|_|==============|___/=/_/_/_/

 :: Spring Boot ::                (v3.3.5)

2026-09-06T11:34:19.092+03:00  INFO 17136 --- [tournament-management] [           main] c.e.tournament.TournamentApplication     : Starting TournamentApplication v0.0.1-SNAPSHOT using Java 25.0.1 with PID 17136 (C:\Mes_fichiers\DEV\Spring Boot\TPE\tournament-management\target\tournament-management-0.0.1-SNAPSHOT.jar started by Kevin in C:\Mes_fichiers\DEV\Spring Boot\TPE\tournament-management)
2026-09-06T11:34:19.100+03:00  INFO 17136 --- [tournament-management] [           main] c.e.tournament.TournamentApplication     : No active profile set, falling back to 1 default profile: "default"
2026-09-06T11:34:22.285+03:00  INFO 17136 --- [tournament-management] [           main] .s.d.r.c.RepositoryConfigurationDelegate : Bootstrapping Spring Data JPA repositories in DEFAULT mode.
2026-09-06T11:34:22.608+03:00  INFO 17136 --- [tournament-management] [           main] .s.d.r.c.RepositoryConfigurationDelegate : Finished Spring Data repository scanning in 293 ms. Found 6 JPA repository interfaces.
2026-09-06T11:34:25.502+03:00  INFO 17136 --- [tournament-management] [           main] o.s.b.w.embedded.tomcat.TomcatWebServer  : Tomcat initialized with port 8090 (http)
2026-09-06T11:34:25.594+03:00  INFO 17136 --- [tournament-management] [           main] o.apache.catalina.core.StandardService   : Starting service [Tomcat]
2026-09-06T11:34:25.595+03:00  INFO 17136 --- [tournament-management] [           main] o.apache.catalina.core.StandardEngine    : Starting Servlet engine: [Apache Tomcat/10.1.31]
2026-09-06T11:34:25.745+03:00  INFO 17136 --- [tournament-management] [           main] o.a.c.c.C.[Tomcat].[localhost].[/]       : Initializing Spring embedded WebApplicationContext
2026-09-06T11:34:25.748+03:00  INFO 17136 --- [tournament-management] [           main] w.s.c.ServletWebServerApplicationContext : Root WebApplicationContext: initialization completed in 6460 ms
2026-09-06T11:34:25.886+03:00  INFO 17136 --- [tournament-management] [           main] com.zaxxer.hikari.HikariDataSource       : HikariPool-1 - Starting...
2026-09-06T11:34:32.472+03:00  INFO 17136 --- [tournament-management] [           main] com.zaxxer.hikari.pool.HikariPool        : HikariPool-1 - Added connection conn1: url=jdbc:h2:file:./data/tournamentdb user=SA
2026-09-06T11:34:32.479+03:00  INFO 17136 --- [tournament-management] [           main] com.zaxxer.hikari.HikariDataSource       : HikariPool-1 - Start completed.
2026-09-06T11:34:32.535+03:00  INFO 17136 --- [tournament-management] [           main] o.s.b.a.h2.H2ConsoleAutoConfiguration    : H2 console available at '/h2-console'. Database available at 'jdbc:h2:file:./data/tournamentdb'
2026-09-06T11:34:33.693+03:00  INFO 17136 --- [tournament-management] [           main] o.hibernate.jpa.internal.util.LogHelper  : HHH000204: Processing PersistenceUnitInfo [name: default]
2026-09-06T11:34:34.228+03:00  INFO 17136 --- [tournament-management] [           main] org.hibernate.Version                    : HHH000412: Hibernate ORM core version 6.5.3.Final
2026-09-06T11:34:34.457+03:00  INFO 17136 --- [tournament-management] [           main] o.h.c.internal.RegionFactoryInitiator    : HHH000026: Second-level cache disabled
2026-09-06T11:34:35.670+03:00  INFO 17136 --- [tournament-management] [           main] o.s.o.j.p.SpringPersistenceUnitInfo      : No LoadTimeWeaver setup: ignoring JPA class transformer
2026-09-06T11:34:39.467+03:00  INFO 17136 --- [tournament-management] [           main] o.h.e.t.j.p.i.JtaPlatformInitiator       : HHH000489: No JTA platform available (set 'hibernate.transaction.jta.platform' to enable JTA platform integration)
2026-09-06T11:34:39.714+03:00  INFO 17136 --- [tournament-management] [           main] j.LocalContainerEntityManagerFactoryBean : Initialized JPA EntityManagerFactory for persistence unit 'default'
2026-09-06T11:34:43.149+03:00  INFO 17136 --- [tournament-management] [           main] r$InitializeUserDetailsManagerConfigurer : Global AuthenticationManager configured with UserDetailsService bean with name appUserDetailsService
2026-09-06T11:34:45.782+03:00  INFO 17136 --- [tournament-management] [           main] o.s.b.w.embedded.tomcat.TomcatWebServer  : Tomcat started on port 8090 (http) with context path '/'
2026-09-06T11:34:45.857+03:00  INFO 17136 --- [tournament-management] [           main] c.e.tournament.TournamentApplication     : Started TournamentApplication in 28.242 seconds (process running for 30.354)
2026-09-06T11:34:46.800+03:00  INFO 17136 --- [tournament-management] [           main] c.e.tournament.config.DataInitializer    : Initialisation des données de démonstration...
2026-09-06T11:34:48.487+03:00  INFO 17136 --- [tournament-management] [           main] c.e.tournament.config.DataInitializer    : Données de démonstration créées. Comptes (mot de passe : password): admin, manager, operator, user.
2026-09-06T11:40:11.266+03:00  INFO 17136 --- [tournament-management] [nio-8090-exec-1] o.a.c.c.C.[Tomcat].[localhost].[/]       : Initializing Spring DispatcherServlet 'dispatcherServlet'
2026-09-06T11:40:11.269+03:00  INFO 17136 --- [tournament-management] [nio-8090-exec-1] o.s.web.servlet.DispatcherServlet        : Initializing Servlet 'dispatcherServlet'
2026-09-06T11:40:11.272+03:00  INFO 17136 --- [tournament-management] [nio-8090-exec-1] o.s.web.servlet.DispatcherServlet        : Completed initialization in 2 ms
2026-09-06T11:40:11.835+03:00  WARN 17136 --- [tournament-management] [nio-8090-exec-1] ration$PageModule$WarningLoggingModifier : Serializing PageImpl instances as-is is not supported, meaning that there is no guarantee about the stability of the resulting JSON structure!
	For a stable JSON structure, please use Spring Data's PagedModel (globally via @EnableSpringDataWebSupport(pageSerializationMode = VIA_DTO))
	or Spring HATEOAS and Spring Data's PagedResourcesAssembler as documented in https://docs.spring.io/spring-data/commons/reference/repositories/core-extensions.html#core.web.pageables.

